============================================================================
DeepONet smoother -- surface (Laplace-Beltrami) multigrid level
============================================================================
SCOPE: the branch consumes a fixed-length residual, so this model is bound
       to ONE DoF count and ONE DoF ordering -- no cross-mesh claim is made.
       Coefficient-space l^2 is NOT L^2(Gamma): no mass matrix is exported.

Level data: level_data/L5
  A           : 16384 x 16384, nnz 147456 (9.00/row)
  symmetry    : max|A - A^T| = 0.000e+00 -> symmetric
  definiteness: Jacobi-scaled spectrum [9.8775e-04, 2.6877e+00], cond 2.72e+03 -> SPD (sparse factorisation + Lanczos, no densification)
  coordinates : (16384, 3), |x| in [1.0000, 3.0000]
  kappa       : [1.1000, 2.1000]
  ref. edge   : 0 constrained DoFs (uniform mesh)
  prolongation: (16384, 4096)
  MASS MATRIX : not exported -> L^2(Gamma) norms are unavailable; coefficient l^2 is reported instead
  DoFs 16384 -> 128x128 periodic lattice, Nyquist = 64 modes/direction
  trunk features: trig -> dim 4

Hierarchy: 6 levels, DoFs [16, 64, 256, 1024, 4096, 16384]
  Galerkin check per level: P^T A_l P versus the separately assembled A_{l-1}
    level 1 -> 0 : max|P^T A P - A_H| = 1.411e+00  (relative 1.907e-01)
    level 2 -> 1 : max|P^T A P - A_H| = 3.716e-01  (relative 4.404e-02)
    level 3 -> 2 : max|P^T A P - A_H| = 7.569e-02  (relative 8.326e-03)
    level 4 -> 3 : max|P^T A P - A_H| = 1.761e-02  (relative 1.899e-03)
    level 5 -> 4 : max|P^T A P - A_H| = 4.342e-03  (relative 4.660e-04)
  A nonzero difference is expected and is reported rather than hidden: on a
  curved surface the coarse matrix is assembled with the isoparametric
  mapping, and a coarse basis function is not reproduced exactly by the fine
  cells' maps, so the hierarchy is not exactly Galerkin.  The consequence
  for the loss is spelled out below: which A_H it contains is a choice, and
  the two choices do not give the same operator.

Loss target -- the coarse-grid correction the loss simulates:
  restriction      : R = P^T (MGTransferPrebuilt in src/main.cpp), P is 16384 x 4096 (fine x coarse)
  interface/edge   : 0 refinement-edge DoFs -> no edge matrices are applied
  coarse operator  : assembled (4096 x 4096, nnz 36864), spectrum [1.720e-02, 2.358e+01]
  matches the C++ V-cycle operator: YES (assembled A_H)
  densified for the differentiable coarse solve: 134.22 MB; the fine A_h remains sparse throughout

Generating errors. train/val/test use independent seeds and have
DISJOINT discrete signatures, so no base function -- nor a rescaled
copy of one -- can appear in two splits.
  train 256 | val 128 | test 50
  cross-split signature overlaps: 0 (must be 0)
    test[smooth     ]   10
    test[multiscale ]   10
    test[localized  ]   10
    test[algebraic  ]   10
    test[mixed      ]   10

Model: DeepONet, branch 16384 -> 256, trunk 4 -> 256, depth 3
  parameters 2229377 | dtype float64 | threads 4 | trunk trig
  epoch      0  total 0.134381 (cgc 0.103717 + 0.10*energy 0.306646)  val 0.133918 (cgc 0.104051)  lr 1.00e-03
  epoch    750  total 0.123458 (cgc 0.088719 + 0.10*energy 0.347387)  val 0.134245 (cgc 0.104342)  lr 1.00e-03
  epoch   1500  total 0.137548 (cgc 0.105783 + 0.10*energy 0.317653)  val 0.133826 (cgc 0.104082)  lr 1.00e-03
  epoch   2250  total 0.133156 (cgc 0.103490 + 0.10*energy 0.296661)  val 0.133997 (cgc 0.104186)  lr 1.00e-03
  epoch   3000  total 0.144996 (cgc 0.119303 + 0.10*energy 0.256926)  val 0.133874 (cgc 0.104086)  lr 1.00e-03
  training 1830.0 s (best epoch 1500, val 0.133826)
  learned diagonal skip: omega = 0.66362 (initial 0.66667)

Classical smoother reference: best damped Jacobi omega = 0.700 (mean ratio 0.66154)
  omega sweep: {0.4: 0.7502, 0.5: 0.70346, 0.6: 0.67246, 0.6666666666666666: 0.663, 0.7: 0.66154, 0.8: 0.66859, 0.9: 0.68962}

Mean A-energy reduction over the test set, ||e - de||_A / ||e||_A:
  method               ALL      smooth   multiscale  localized  algebraic
  DeepONet             0.6631   0.9948   0.4491      0.8546     0.4004  
  damped Jacobi        0.6615   0.9956   0.4412      0.8473     0.4099  
  Gauss-Seidel         0.6061   0.9883   0.4061      0.7535     0.3490  
  sym. Gauss-Seidel    0.4699   0.9770   0.2293      0.6138     0.1641  
  SSOR                 0.4699   0.9770   0.2293      0.6138     0.1641  

Loss target on the test set -- smoothing THEN coarse correction:
  method               L_E          L_CGC(asm)     L_CGC(gal)    
  DeepONet             0.502442     0.072106       0.072106      
  damped Jacobi        0.499136     0.073171       0.073171      
  Gauss-Seidel         0.431257     0.052493       0.052493      
  sym. Gauss-Seidel    0.318543     0.018458       0.018458      
  SSOR                 0.318543     0.018458       0.018458      
  (all three columns are energies, i.e. the mean squared ratio, so they are
   directly comparable; the trainer minimises the 'assembled' column when
   --coarse-operator assembled, which is the default)
  worst test sample after smoothing + coarse correction (assembled): ratio 0.3559, 0.0% of samples amplified

Repeated application: e <- e - B(A e), 5 iterations (mean energy ratio per step)
  iter   DeepONet     worst        frac > 1       Jacobi ref  
  1      0.66315      0.99910      0.0000         0.66154     
  2      0.55157      0.99819      0.0000         0.55118     
  3      0.49203      0.99729      0.0000         0.49154     
  4      0.45297      0.99639      0.0000         0.45191     
  5      0.42463      0.99549      0.0000         0.42289     
  mean ratio decreases at every step: yes

Two-grid analysis with the REAL P and coarse operator from the exported hierarchy:
  smoother DeepONet           only 0.6631 | coarse only 0.5465 | two-grid 0.2430
  smoother damped Jacobi      only 0.6615 | coarse only 0.5465 | two-grid 0.2442
  smoother sym. Gauss-Seidel  only 0.4699 | coarse only 0.5465 | two-grid 0.1267
  consistency: L_CGC on these samples 0.0721061550 vs the measured two-grid energy 0.0721061550 (difference 2.78e-17)
  (the loss and the cycle are the same operator: the loss factorises
   the coarse operator once with Cholesky, the hierarchy LU-solves it)

V-cycle over 6 exported levels, iterated 5 times. The learned smoother acts at level 5
only; coarser levels use damped Jacobi, because a fixed-length branch
cannot be applied at another DoF count or ordering.
A single V-cycle is one step of a stationary iteration; the loss
covers one smoothing pass plus one EXACT coarse solve, so the loss
being small does not by itself imply the recursive cycle contracts.
  learned@L5 + Jacobi below          first 0.1736 | after 5: 0.01406 | worst sample 0.0530
                                     per-iteration mean: 0.1736 0.0657 0.0349 0.0214 0.0141
  damped Jacobi everywhere           first 0.1743 | after 5: 0.01588 | worst sample 0.0527
                                     per-iteration mean: 0.1743 0.0686 0.0377 0.0237 0.0159

Independent test on REAL multigrid-iteration errors (not generated):
  error after k V-cycles DeepONet     dampedJac    symGS       
  k = 0                  0.74327      0.73933      0.57905     
  k = 1                  0.81591      0.81882      0.61352     
  k = 2                  0.81643      0.83043      0.56816     
  k = 3                  0.81232      0.83444      0.51350     
  k = 4                  0.82147      0.84617      0.50141     
  (mean ||e - de||_A / ||e||_A on the error left by k V-cycles; each row
   uses that row's own error as the 100% reference.  These errors are
   smooth by construction of the cycle, so they live largely in the
   coarse space -- a smoother is not expected to remove what the coarse
   grid is there to remove, and this table is where that shows.)

Wrote results/L5_cgc_l0.1/{metrics.json,history.csv,splits.json,best_model.pt,run.log,plots/}
total wall clock: 1943.1 s
