============================================================================
DeepONet smoother -- surface (Laplace-Beltrami) multigrid level
============================================================================
SCOPE: the branch consumes a fixed-length residual, so this model is bound
       to ONE DoF count and ONE DoF ordering -- no cross-mesh claim is made.
       Coefficient-space l^2 is NOT L^2(Gamma): no mass matrix is exported.

Level data: level_data/L4
  A           : 4096 x 4096, nnz 36864 (9.00/row)
  symmetry    : max|A - A^T| = 0.000e+00 -> symmetric
  definiteness: Jacobi-scaled spectrum [3.9413e-03, 2.6747e+00], cond 6.79e+02 -> SPD
  coordinates : (4096, 3), |x| in [1.0000, 3.0000]
  kappa       : [1.1000, 2.1000]
  ref. edge   : 0 constrained DoFs (uniform mesh)
  prolongation: (4096, 1024)
  MASS MATRIX : not exported -> L^2(Gamma) norms are unavailable; coefficient l^2 is reported instead
  DoFs 4096 -> 64x64 periodic lattice, Nyquist = 32 modes/direction
  trunk features: trig -> dim 4

Hierarchy: 5 levels, DoFs [16, 64, 256, 1024, 4096]
  Galerkin check per level: P^T A_l P versus the separately assembled A_{l-1}
    level 1 -> 0 : max|P^T A P - A_H| = 1.411e+00  (relative 1.907e-01)
    level 2 -> 1 : max|P^T A P - A_H| = 3.716e-01  (relative 4.404e-02)
    level 3 -> 2 : max|P^T A P - A_H| = 7.569e-02  (relative 8.326e-03)
    level 4 -> 3 : max|P^T A P - A_H| = 1.761e-02  (relative 1.899e-03)
  A nonzero difference is expected and is reported rather than hidden: on a
  curved surface the coarse matrix is assembled with the isoparametric
  mapping, and a coarse basis function is not reproduced exactly by the fine
  cells' maps, so the hierarchy is not exactly Galerkin. Consequently the
  coarse-complement loss builds Q from P^T A P (an exact A-orthogonal
  projection), while the two-grid step uses the assembled A_H (what the
  actual multigrid cycle uses).
  coarse operator for the loss = P^T A P, densified for the Cholesky solve: (1024, 1024) (8.39 MB)
  fine A_h remains sparse throughout

Generating errors. train/val/test use independent seeds and have
DISJOINT discrete signatures, so no base function -- nor a rescaled
copy of one -- can appear in two splits.
  train 512 | val 128 | test 50
  cross-split signature overlaps: 0 (must be 0)
    test[smooth     ]   10
    test[multiscale ]   10
    test[localized  ]   10
    test[algebraic  ]   10
    test[mixed      ]   10

Model: DeepONet, branch 4096 -> 256, trunk 4 -> 256, depth 3
  parameters 656513 | dtype float64 | threads 4 | trunk trig
  training 1150.8 s (best epoch 2000, val 0.301943)
  learned diagonal skip: omega = 0.70798 (initial 0.66667)

Classical smoother reference: best damped Jacobi omega = 0.700 (mean ratio 0.64334)
  omega sweep: {0.4: 0.73721, 0.5: 0.68785, 0.6: 0.65501, 0.6666666666666666: 0.6449, 0.7: 0.64334, 0.8: 0.65111, 0.9: 0.67413}

Mean A-energy reduction over the test set, ||e - de||_A / ||e||_A:
  method               ALL      smooth   multiscale  localized  algebraic
  DeepONet             0.6409   0.9394   0.4543      0.8427     0.4249  
  damped Jacobi        0.6433   0.9825   0.4426      0.8471     0.4066  
  Gauss-Seidel         0.5878   0.9567   0.4017      0.7525     0.3453  
  sym. Gauss-Seidel    0.4476   0.9169   0.2291      0.6178     0.1647  
  SSOR                 0.4476   0.9169   0.2291      0.6178     0.1647  

Two-grid analysis with the REAL P and coarse operator from the exported hierarchy:
  smoother DeepONet           only 0.6409 | coarse only 0.5616 | two-grid 0.2491
  smoother damped Jacobi      only 0.6433 | coarse only 0.5616 | two-grid 0.2491
  smoother sym. Gauss-Seidel  only 0.4476 | coarse only 0.5616 | two-grid 0.1372

V-cycle over 5 exported levels. The learned smoother acts at level 4
only; coarser levels use damped Jacobi, because a fixed-length branch
cannot be applied at another DoF count or ordering.
  learned@L4 + Jacobi below          mean 0.1755  [0.0803, 0.2628]
  damped Jacobi everywhere           mean 0.1751  [0.0797, 0.2629]

Wrote results/L4_skip_jacobi_trig256/{metrics.json,history.csv,splits.json,best_model.pt,run.log,plots/}
total wall clock: 1239.8 s
